
> react-kavia@0.1.0 start
> react-scripts start

Attempting to bind to HOST environment variable: 0.0.0.0
If this was unintentional, check that you haven't mistakenly set it in your shell.
Learn more here: https://cra.link/advanced-config

(node:1877) [DEP_WEBPACK_DEV_SERVER_ON_AFTER_SETUP_MIDDLEWARE] DeprecationWarning: 'onAfterSetupMiddleware' option is deprecated. Please use the 'setupMiddlewares' option.
(Use `node --trace-deprecation ...` to show where the warning was created)
(node:1877) [DEP_WEBPACK_DEV_SERVER_ON_BEFORE_SETUP_MIDDLEWARE] DeprecationWarning: 'onBeforeSetupMiddleware' option is deprecated. Please use the 'setupMiddlewares' option.
Starting the development server...

Compiled with warnings.

[eslint] 
src/App.js
  Line 1:38:    'useRef' is defined but never used                                                                          no-unused-vars
  Line 183:11:  The attribute aria-selected is not supported by the role listitem. This role is implicit on the element li  jsx-a11y/role-supports-aria-props

Search for the keywords to learn more about each warning.
To ignore, add // eslint-disable-next-line to the line before.

WARNING in [eslint] 
src/App.js
  Line 1:38:    'useRef' is defined but never used                                                                          no-unused-vars
  Line 183:11:  The attribute aria-selected is not supported by the role listitem. This role is implicit on the element li  jsx-a11y/role-supports-aria-props

webpack compiled with 1 warning
Compiling...
Compiled with warnings.

[eslint] 
src/App.js
  Line 1:38:    'useRef' is defined but never used                                                                          no-unused-vars
  Line 183:11:  The attribute aria-selected is not supported by the role listitem. This role is implicit on the element li  jsx-a11y/role-supports-aria-props

Search for the keywords to learn more about each warning.
To ignore, add // eslint-disable-next-line to the line before.

WARNING in [eslint] 
src/App.js
  Line 1:38:    'useRef' is defined but never used                                                                          no-unused-vars
  Line 183:11:  The attribute aria-selected is not supported by the role listitem. This role is implicit on the element li  jsx-a11y/role-supports-aria-props

webpack compiled with 1 warning
Compiling...
Compiled with warnings.

[eslint] 
src/App.js
  Line 1:38:    'useRef' is defined but never used                                                                          no-unused-vars
  Line 185:11:  The attribute aria-selected is not supported by the role listitem. This role is implicit on the element li  jsx-a11y/role-supports-aria-props

Search for the keywords to learn more about each warning.
To ignore, add // eslint-disable-next-line to the line before.

WARNING in [eslint] 
src/App.js
  Line 1:38:    'useRef' is defined but never used                                                                          no-unused-vars
  Line 185:11:  The attribute aria-selected is not supported by the role listitem. This role is implicit on the element li  jsx-a11y/role-supports-aria-props

webpack compiled with 1 warning
